# 取别名时的易错点

**mysql 8.0.21**

	select  字段  as  别名

	as可写，可不写

## 1、三种形式

```sql
mysql> select id,app_name name from apps;
+----+-------------+
| id | name        |
+----+-------------+
|  1 | QQ APP      |
|  2 | 微博 APP    |
|  3 | 淘宝 APP    |
|  4 | meituan APP |
+----+-------------+

mysql> select id,app_name 'name' from apps;
+----+-------------+
| id | name        |
+----+-------------+
|  1 | QQ APP      |
|  2 | 微博 APP    |
|  3 | 淘宝 APP    |
|  4 | meituan APP |
+----+-------------+

mysql> select id,app_name "name" from apps;  
+----+-------------+
| id | name        |
+----+-------------+
|  1 | QQ APP      |
|  2 | 微博 APP    |
|  3 | 淘宝 APP    |
|  4 | meituan APP |
+----+-------------+
```

## 2、区别

```sql
-- 取到了mysql关键字
-- rank 是一种排名的窗口函数
mysql> select id,app_name rank from apps; 
ERROR 1064 (42000): You have an error in your SQL syntax; check the manual that corresponds to your MySQL server version for the right syntax to use near 'rank from apps' at line 1

mysql> select id,app_name 'rank' from apps;
+----+-------------+
| id | rank        |
+----+-------------+
|  1 | QQ APP      |
|  2 | 微博 APP    |
|  3 | 淘宝 APP    |
|  4 | meituan APP |
+----+-------------+

mysql> select id,app_name "rank" from apps;  
+----+-------------+
| id | rank        |
+----+-------------+
|  1 | QQ APP      |
|  2 | 微博 APP    |
|  3 | 淘宝 APP    |
|  4 | meituan APP |
+----+-------------+
```

```sql
-- 别名中有其他字符时
mysql> select id,app_name na\tme from apps;    
Outfile disabled.
+----+-------------+
| id | name        |
+----+-------------+
|  1 | QQ APP      |
|  2 | 微博 APP    |
|  3 | 淘宝 APP    |
|  4 | meituan APP |
+----+-------------+

mysql> select id,app_name 'na\tme' from apps;
+----+-------------+
| id | na       me       |
+----+-------------+
|  1 | QQ APP      |
|  2 | 微博 APP    |
|  3 | 淘宝 APP    |
|  4 | meituan APP |
+----+-------------+

mysql> select id,app_name "na\tme" from apps; 
+----+-------------+
| id | na       me       |
+----+-------------+
|  1 | QQ APP      |
|  2 | 微博 APP    |
|  3 | 淘宝 APP    |
|  4 | meituan APP |
+----+-------------+
```